---
source: src/parser.rs
expression: "parse_expression(&mut tokens, &[Token::Eof])"
---
Ok(
    Iterator(
        [],
    ),
)
