---
source: src/parser.rs
expression: "parse_expression(&mut tokens, Token::Eof)"
---
Some(
    Variable(
        "lietuvi≈°kasKintamasis",
    ),
)
