---
source: src/parser.rs
expression: "parse_expression(&mut tokens, Token::Eof)"
---
Ok(
    Plus(
        String(
            "pirmas",
        ),
        String(
            "antras",
        ),
    ),
)
